// Jest Snapshot v1, https://goo.gl/fbAQLP

exports[`Country Detail UI check Rendering the component 1`] = `ShallowWrapper {}`;
